
> rentpe@0.1.0 build
> next build

  Γû▓ Next.js 14.2.35
  - Environments: .env.local

   Creating an optimized production build ...
 Γ£ô Compiled successfully
   Linting and checking validity of types ...
node.exe : 
At line:1 char:1
+ & "D:\Node js/node.exe" 
"D:\Node js/node_modules/npm/bi
n/npm-cli.js"  ...
+ ~~~~~~~~~~~~~~~~~~~~~~~~~~~~~
~~~~~~~~~~~~~~~~~~~~~~~~~~~~~~~
~~~~~~~~~
    + CategoryInfo          :  
   NotSpecified: (:String) []  
  , RemoteException
    + FullyQualifiedErrorId :  
   NativeCommandError
 
Failed to compile.

./src/components/bookings/Booki
ngModal.tsx
64:16  Error: 'e' is defined 
but never used.  @typescript-es
lint/no-unused-vars

info  - Need to disable some 
ESLint rules? Learn more here: 
https://nextjs.org/docs/basic-f
eatures/eslint#disabling-rules
